Lorem ipsum dolor sit amet, consectetur adipiscing elit. Praesent commodo blandit justo. Maecenas tempor massa sit amet ante aliquet, sit amet condimentum eros vehicula. Proin consectetur ex at consectetur tristique. Morbi hendrerit sed ipsum eget elementum. Phasellus volutpat egestas congue. Sed ultrices rutrum mollis. Proin ac metus sed ligula congue blandit sit amet in erat. Ut pretium quam non malesuada blandit. Sed commodo lacus a neque fringilla, ac imperdiet lectus feugiat. Nam pulvinar, tortor vitae ullamcorper luctus, justo eros lobortis sem, ut ullamcorper turpis sapien nec quam.

Fusce congue velit sit amet cursus ultrices. In hac habitasse platea dictumst. Nulla maximus efficitur quam at mattis. Phasellus nisl purus, consectetur in euismod et, finibus vel libero. Nulla facilisi. Quisque vehicula risus vitae purus cursus, in varius arcu pulvinar. Nam in neque congue, euismod felis id, volutpat lacus.

Quisque vitae purus sit amet tortor dictum euismod nec non odio. Nam eu nulla augue. Donec vitae ipsum in libero mollis sagittis vel in turpis. Duis vel tempus nulla. Aenean in ullamcorper augue, eu volutpat nibh. Praesent interdum odio nisi, a faucibus diam finibus nec. Mauris ut lectus aliquet, dapibus leo vitae, pellentesque orci. Mauris neque arcu, condimentum nec lacus sed, mollis porta mi. Integer rhoncus congue risus, sed fermentum purus fringilla non. Duis pretium, odio vel vestibulum auctor, massa arcu iaculis enim, eu viverra nibh urna id massa. Mauris sagittis non justo ac tempor. Suspendisse non lacinia diam. Nullam in ante a risus consequat varius.

Fusce vitae tempor ex. Duis tempus ligula a porttitor consequat. Praesent congue quam faucibus porta semper. Proin at pulvinar justo. Integer suscipit placerat nunc eget gravida. Nullam scelerisque, nisi nec gravida sollicitudin, orci metus fermentum ex, lacinia tempor risus lectus et metus. Sed et sapien at nisl feugiat malesuada. Praesent porttitor venenatis sem in ultrices.

Aliquam at risus nec nulla ultricies laoreet. In pretium mattis libero, sed porta felis faucibus ac. Quisque eu tortor venenatis, pharetra eros volutpat, tempor nisi. Mauris sit amet massa ullamcorper, dapibus nisi et, ullamcorper mauris. Vivamus suscipit augue sapien, nec molestie ipsum venenatis quis. Donec ornare vehicula magna ut placerat. Aenean fermentum mi ac nunc consequat aliquet. Praesent mattis leo ut malesuada pulvinar. Aenean in libero leo. Etiam nec massa ut lectus efficitur ultrices id vel tellus. Vivamus lacinia interdum nisi eget volutpat. Ut elementum vehicula nunc, quis cursus eros ullamcorper et.
