vars:
  username: testuser
templates:
  template1:
    template_name: template1
    template_path: https://example.com/xyz/abcd.git
  template2:
    template_name: template2
    template_path: https://example.com/git/example.git
  create_test:
    template_name: create_test
    template_path: source_path
