target: env_execution
target_type: bigquery
vars:
  variable_1: 1337
  variable_2: "var21"
