sink:
  config:
    server: "https://<INGEST_ENDPOINT>:8080"
